// Jest Snapshot v1, https://goo.gl/fbAQLP

exports[`User Edit user edit rendering 1`] = `
<div
  className="min-h-full"
>
  <main>
    <div
      className="flex-col rounded m-0 p-0 dark:bg-slate-800  shadow-inner px-2 py-1 "
    >
      <h1>
        User Id: 
        test
      </h1>
      <h1>
        GOOGLE ID: 
        test
      </h1>
      <h1>
        Profile: 
        testing
      </h1>
    </div>
  </main>
</div>
`;
