// Jest Snapshot v1, https://goo.gl/fbAQLP

exports[`User List page user edit rendering 1`] = `
<div
  className="min-h-full"
>
  <main>
    <div
      className="flex-col rounded m-0 p-0 dark:bg-slate-800  shadow-inner px-2 py-1 "
    >
      <div
        className="min-w-full"
      >
        <h1>
          User List
        </h1>
        <p>
          no data found!
        </p>
      </div>
    </div>
  </main>
</div>
`;
